/Library/Frameworks/Python.framework/Versions/3.14/Resources/Python.app/Contents/MacOS/Python: can't open file '/Users/patrickostertag/Documents/DataForIA/AIME - AI Music Enabler/test_normalization.py': [Errno 2] No such file or directory
